C:/Users/gibutakov/STM32CubeIDE/workspace_1.16.1/Zigbee_OnOff_Client_Router/STM32_WPAN/App/app_zigbee.c:153:28:messaging_server_1_get_last_message	24	static
C:/Users/gibutakov/STM32CubeIDE/workspace_1.16.1/Zigbee_OnOff_Client_Router/STM32_WPAN/App/app_zigbee.c:161:28:messaging_server_1_message_confirmation	24	static
C:/Users/gibutakov/STM32CubeIDE/workspace_1.16.1/Zigbee_OnOff_Client_Router/STM32_WPAN/App/app_zigbee.c:169:28:messaging_server_1_get_message_cancellation	24	static
C:/Users/gibutakov/STM32CubeIDE/workspace_1.16.1/Zigbee_OnOff_Client_Router/STM32_WPAN/App/app_zigbee.c:181:6:APP_ZIGBEE_Init	16	static
C:/Users/gibutakov/STM32CubeIDE/workspace_1.16.1/Zigbee_OnOff_Client_Router/STM32_WPAN/App/app_zigbee.c:224:13:APP_ZIGBEE_StackLayersInit	8	static
C:/Users/gibutakov/STM32CubeIDE/workspace_1.16.1/Zigbee_OnOff_Client_Router/STM32_WPAN/App/app_zigbee.c:259:13:APP_ZIGBEE_ConfigEndpoints	40	static
C:/Users/gibutakov/STM32CubeIDE/workspace_1.16.1/Zigbee_OnOff_Client_Router/STM32_WPAN/App/app_zigbee.c:287:13:APP_ZIGBEE_NwkForm	496	static
C:/Users/gibutakov/STM32CubeIDE/workspace_1.16.1/Zigbee_OnOff_Client_Router/STM32_WPAN/App/app_zigbee.c:371:13:ZbStartupWaitCb	24	static
C:/Users/gibutakov/STM32CubeIDE/workspace_1.16.1/Zigbee_OnOff_Client_Router/STM32_WPAN/App/app_zigbee.c:380:20:ZbStartupWait	24	static
C:/Users/gibutakov/STM32CubeIDE/workspace_1.16.1/Zigbee_OnOff_Client_Router/STM32_WPAN/App/app_zigbee.c:412:6:APP_ZIGBEE_Error	16	static
C:/Users/gibutakov/STM32CubeIDE/workspace_1.16.1/Zigbee_OnOff_Client_Router/STM32_WPAN/App/app_zigbee.c:435:13:APP_ZIGBEE_TraceError	24	static
C:/Users/gibutakov/STM32CubeIDE/workspace_1.16.1/Zigbee_OnOff_Client_Router/STM32_WPAN/App/app_zigbee.c:451:13:APP_ZIGBEE_CheckWirelessFirmwareInfo	104	static
C:/Users/gibutakov/STM32CubeIDE/workspace_1.16.1/Zigbee_OnOff_Client_Router/STM32_WPAN/App/app_zigbee.c:524:6:APP_ZIGBEE_RegisterCmdBuffer	16	static
C:/Users/gibutakov/STM32CubeIDE/workspace_1.16.1/Zigbee_OnOff_Client_Router/STM32_WPAN/App/app_zigbee.c:529:24:ZIGBEE_Get_OTCmdPayloadBuffer	4	static
C:/Users/gibutakov/STM32CubeIDE/workspace_1.16.1/Zigbee_OnOff_Client_Router/STM32_WPAN/App/app_zigbee.c:534:24:ZIGBEE_Get_OTCmdRspPayloadBuffer	4	static
C:/Users/gibutakov/STM32CubeIDE/workspace_1.16.1/Zigbee_OnOff_Client_Router/STM32_WPAN/App/app_zigbee.c:539:24:ZIGBEE_Get_NotificationPayloadBuffer	4	static
C:/Users/gibutakov/STM32CubeIDE/workspace_1.16.1/Zigbee_OnOff_Client_Router/STM32_WPAN/App/app_zigbee.c:544:24:ZIGBEE_Get_M0RequestPayloadBuffer	4	static
C:/Users/gibutakov/STM32CubeIDE/workspace_1.16.1/Zigbee_OnOff_Client_Router/STM32_WPAN/App/app_zigbee.c:555:6:ZIGBEE_CmdTransfer	16	static
C:/Users/gibutakov/STM32CubeIDE/workspace_1.16.1/Zigbee_OnOff_Client_Router/STM32_WPAN/App/app_zigbee.c:578:6:TL_ZIGBEE_CmdEvtReceived	16	static
C:/Users/gibutakov/STM32CubeIDE/workspace_1.16.1/Zigbee_OnOff_Client_Router/STM32_WPAN/App/app_zigbee.c:592:6:TL_ZIGBEE_NotReceived	16	static
C:/Users/gibutakov/STM32CubeIDE/workspace_1.16.1/Zigbee_OnOff_Client_Router/STM32_WPAN/App/app_zigbee.c:607:6:Pre_ZigbeeCmdProcessing	8	static
C:/Users/gibutakov/STM32CubeIDE/workspace_1.16.1/Zigbee_OnOff_Client_Router/STM32_WPAN/App/app_zigbee.c:618:13:Wait_Getting_Ack_From_M0	8	static
C:/Users/gibutakov/STM32CubeIDE/workspace_1.16.1/Zigbee_OnOff_Client_Router/STM32_WPAN/App/app_zigbee.c:630:13:Receive_Ack_From_M0	8	static
C:/Users/gibutakov/STM32CubeIDE/workspace_1.16.1/Zigbee_OnOff_Client_Router/STM32_WPAN/App/app_zigbee.c:641:13:Receive_Notification_From_M0	8	static
C:/Users/gibutakov/STM32CubeIDE/workspace_1.16.1/Zigbee_OnOff_Client_Router/STM32_WPAN/App/app_zigbee.c:653:6:TL_ZIGBEE_M0RequestReceived	16	static
C:/Users/gibutakov/STM32CubeIDE/workspace_1.16.1/Zigbee_OnOff_Client_Router/STM32_WPAN/App/app_zigbee.c:666:6:APP_ZIGBEE_TL_INIT	8	static
C:/Users/gibutakov/STM32CubeIDE/workspace_1.16.1/Zigbee_OnOff_Client_Router/STM32_WPAN/App/app_zigbee.c:679:13:APP_ZIGBEE_ProcessNotifyM0ToM4	8	static
C:/Users/gibutakov/STM32CubeIDE/workspace_1.16.1/Zigbee_OnOff_Client_Router/STM32_WPAN/App/app_zigbee.c:694:13:APP_ZIGBEE_ProcessRequestM0ToM4	8	static
C:/Users/gibutakov/STM32CubeIDE/workspace_1.16.1/Zigbee_OnOff_Client_Router/STM32_WPAN/App/app_zigbee.c:705:13:APP_ZIGBEE_InitCallback	16	static
C:/Users/gibutakov/STM32CubeIDE/workspace_1.16.1/Zigbee_OnOff_Client_Router/STM32_WPAN/App/app_zigbee.c:716:13:APP_ZIGBEE_InitMsg	8	static
C:/Users/gibutakov/STM32CubeIDE/workspace_1.16.1/Zigbee_OnOff_Client_Router/STM32_WPAN/App/app_zigbee.c:731:6:APP_ZIGBEE_SW1_Process	40	static
C:/Users/gibutakov/STM32CubeIDE/workspace_1.16.1/Zigbee_OnOff_Client_Router/STM32_WPAN/App/app_zigbee.c:761:13:APP_ZIGBEE_App_Init	8	static
C:/Users/gibutakov/STM32CubeIDE/workspace_1.16.1/Zigbee_OnOff_Client_Router/STM32_WPAN/App/app_zigbee.c:775:6:TimerCallback	8	static
C:/Users/gibutakov/STM32CubeIDE/workspace_1.16.1/Zigbee_OnOff_Client_Router/STM32_WPAN/App/app_zigbee.c:782:13:APP_ZIGBEE_OnOff_Client_Init	8	static
C:/Users/gibutakov/STM32CubeIDE/workspace_1.16.1/Zigbee_OnOff_Client_Router/STM32_WPAN/App/app_zigbee.c:792:13:APP_ZIGBEE_ResetDevice	8	static
