../../Drivers/STM32WBxx_HAL_Driver/Inc/stm32wbxx_ll_pwr.h:1663:22:LL_C2_PWR_SetPowerMode	16	static
../../Drivers/STM32WBxx_HAL_Driver/Inc/stm32wbxx_ll_exti.h:391:22:LL_EXTI_EnableIT_32_63	16	static
../../Drivers/STM32WBxx_HAL_Driver/Inc/stm32wbxx_ll_exti.h:417:22:LL_C2_EXTI_EnableIT_32_63	16	static
../../Drivers/STM32WBxx_HAL_Driver/Inc/stm32wbxx_ll_rcc.h:1359:22:LL_RCC_HSE_SetCapacitorTuning	16	static
../../Drivers/STM32WBxx_HAL_Driver/Inc/stm32wbxx_ll_rcc.h:1510:22:LL_RCC_HSI_EnableAutoFromStop	4	static
../../Drivers/STM32WBxx_HAL_Driver/Inc/stm32wbxx_ll_rcc.h:2349:22:LL_RCC_SetClkAfterWakeFromStop	16	static
../../Drivers/STM32WBxx_HAL_Driver/Inc/stm32wbxx_ll_rcc.h:2913:22:LL_RCC_ForceBackupDomainReset	4	static
../../Drivers/STM32WBxx_HAL_Driver/Inc/stm32wbxx_ll_rcc.h:2923:22:LL_RCC_ReleaseBackupDomainReset	4	static
../../Drivers/STM32WBxx_HAL_Driver/Inc/stm32wbxx_ll_rcc.h:4138:26:LL_RCC_IsActiveFlag_PINRST	4	static
../../Drivers/STM32WBxx_HAL_Driver/Inc/stm32wbxx_ll_rcc.h:4148:26:LL_RCC_IsActiveFlag_SFTRST	4	static
../../Drivers/STM32WBxx_HAL_Driver/Inc/stm32wbxx_ll_bus.h:744:22:LL_AHB3_GRP1_EnableClock	24	static
../../Drivers/STM32WBxx_HAL_Driver/Inc/stm32wbxx_ll_ipcc.h:312:22:LL_C1_IPCC_DisableTransmitChannel	16	static
../../Drivers/STM32WBxx_HAL_Driver/Inc/stm32wbxx_ll_ipcc.h:381:22:LL_C1_IPCC_DisableReceiveChannel	16	static
../../Drivers/STM32WBxx_HAL_Driver/Inc/stm32wbxx_ll_ipcc.h:450:22:LL_C2_IPCC_DisableTransmitChannel	16	static
../../Drivers/STM32WBxx_HAL_Driver/Inc/stm32wbxx_ll_ipcc.h:519:22:LL_C2_IPCC_DisableReceiveChannel	16	static
../../Drivers/STM32WBxx_HAL_Driver/Inc/stm32wbxx_ll_ipcc.h:574:22:LL_C1_IPCC_ClearFlag_CHx	16	static
../../Drivers/STM32WBxx_HAL_Driver/Inc/stm32wbxx_ll_ipcc.h:645:22:LL_C2_IPCC_ClearFlag_CHx	16	static
../../Drivers/STM32WBxx_HAL_Driver/Inc/stm32wbxx_ll_cortex.h:311:22:LL_LPM_EnableSleep	4	static
../../Drivers/STM32WBxx_HAL_Driver/Inc/stm32wbxx_ll_rtc.h:1031:22:LL_RTC_EnableWriteProtection	16	static
../../Drivers/STM32WBxx_HAL_Driver/Inc/stm32wbxx_ll_rtc.h:1042:22:LL_RTC_DisableWriteProtection	16	static
../../Drivers/STM32WBxx_HAL_Driver/Inc/stm32wbxx_ll_rtc.h:3006:22:LL_RTC_WAKEUP_SetClock	16	static
C:/Users/gibutakov/STM32CubeIDE/workspace_1.16.1/Zigbee_OnOff_Client_Router/Core/Src/app_entry.c:122:6:MX_APPE_Config	8	static
C:/Users/gibutakov/STM32CubeIDE/workspace_1.16.1/Zigbee_OnOff_Client_Router/Core/Src/app_entry.c:142:6:MX_APPE_Init	8	static
C:/Users/gibutakov/STM32CubeIDE/workspace_1.16.1/Zigbee_OnOff_Client_Router/Core/Src/app_entry.c:172:6:Init_Smps	4	static
C:/Users/gibutakov/STM32CubeIDE/workspace_1.16.1/Zigbee_OnOff_Client_Router/Core/Src/app_entry.c:190:6:Init_Exti	8	static
C:/Users/gibutakov/STM32CubeIDE/workspace_1.16.1/Zigbee_OnOff_Client_Router/Core/Src/app_entry.c:207:13:Init_Debug	8	static
C:/Users/gibutakov/STM32CubeIDE/workspace_1.16.1/Zigbee_OnOff_Client_Router/Core/Src/app_entry.c:248:13:Reset_Device	8	static
C:/Users/gibutakov/STM32CubeIDE/workspace_1.16.1/Zigbee_OnOff_Client_Router/Core/Src/app_entry.c:260:13:Reset_BackupDomain	8	static
C:/Users/gibutakov/STM32CubeIDE/workspace_1.16.1/Zigbee_OnOff_Client_Router/Core/Src/app_entry.c:279:13:Reset_IPCC	8	static
C:/Users/gibutakov/STM32CubeIDE/workspace_1.16.1/Zigbee_OnOff_Client_Router/Core/Src/app_entry.c:317:13:Config_HSE	16	static
C:/Users/gibutakov/STM32CubeIDE/workspace_1.16.1/Zigbee_OnOff_Client_Router/Core/Src/app_entry.c:333:13:System_Init	8	static
C:/Users/gibutakov/STM32CubeIDE/workspace_1.16.1/Zigbee_OnOff_Client_Router/Core/Src/app_entry.c:344:13:Init_Rtc	8	static
C:/Users/gibutakov/STM32CubeIDE/workspace_1.16.1/Zigbee_OnOff_Client_Router/Core/Src/app_entry.c:365:13:SystemPower_Config	8	static
C:/Users/gibutakov/STM32CubeIDE/workspace_1.16.1/Zigbee_OnOff_Client_Router/Core/Src/app_entry.c:394:13:appe_Tl_Init	40	static
C:/Users/gibutakov/STM32CubeIDE/workspace_1.16.1/Zigbee_OnOff_Client_Router/Core/Src/app_entry.c:420:13:APPE_SysStatusNot	16	static
C:/Users/gibutakov/STM32CubeIDE/workspace_1.16.1/Zigbee_OnOff_Client_Router/Core/Src/app_entry.c:435:13:APPE_SysUserEvtRx	24	static
C:/Users/gibutakov/STM32CubeIDE/workspace_1.16.1/Zigbee_OnOff_Client_Router/Core/Src/app_entry.c:460:13:APPE_SysEvtError	16	static
C:/Users/gibutakov/STM32CubeIDE/workspace_1.16.1/Zigbee_OnOff_Client_Router/Core/Src/app_entry.c:474:13:APPE_SysEvtReadyProcessing	8	static
C:/Users/gibutakov/STM32CubeIDE/workspace_1.16.1/Zigbee_OnOff_Client_Router/Core/Src/app_entry.c:484:13:Led_Init	8	static
C:/Users/gibutakov/STM32CubeIDE/workspace_1.16.1/Zigbee_OnOff_Client_Router/Core/Src/app_entry.c:515:6:HAL_Delay	24	static,ignoring_inline_asm
C:/Users/gibutakov/STM32CubeIDE/workspace_1.16.1/Zigbee_OnOff_Client_Router/Core/Src/app_entry.c:544:6:MX_APPE_Process	8	static
C:/Users/gibutakov/STM32CubeIDE/workspace_1.16.1/Zigbee_OnOff_Client_Router/Core/Src/app_entry.c:555:6:UTIL_SEQ_Idle	4	static
C:/Users/gibutakov/STM32CubeIDE/workspace_1.16.1/Zigbee_OnOff_Client_Router/Core/Src/app_entry.c:570:6:UTIL_SEQ_EvtIdle	16	static
C:/Users/gibutakov/STM32CubeIDE/workspace_1.16.1/Zigbee_OnOff_Client_Router/Core/Src/app_entry.c:594:6:shci_notify_asynch_evt	16	static
C:/Users/gibutakov/STM32CubeIDE/workspace_1.16.1/Zigbee_OnOff_Client_Router/Core/Src/app_entry.c:601:6:shci_cmd_resp_release	16	static
C:/Users/gibutakov/STM32CubeIDE/workspace_1.16.1/Zigbee_OnOff_Client_Router/Core/Src/app_entry.c:608:6:shci_cmd_resp_wait	16	static
C:/Users/gibutakov/STM32CubeIDE/workspace_1.16.1/Zigbee_OnOff_Client_Router/Core/Src/app_entry.c:616:6:TL_TRACES_EvtReceived	16	static
C:/Users/gibutakov/STM32CubeIDE/workspace_1.16.1/Zigbee_OnOff_Client_Router/Core/Src/app_entry.c:633:6:DbgOutputInit	8	static
C:/Users/gibutakov/STM32CubeIDE/workspace_1.16.1/Zigbee_OnOff_Client_Router/Core/Src/app_entry.c:648:6:DbgOutputTraces	24	static
C:/Users/gibutakov/STM32CubeIDE/workspace_1.16.1/Zigbee_OnOff_Client_Router/Core/Src/app_entry.c:661:6:HAL_GPIO_EXTI_Callback	16	static
C:/Users/gibutakov/STM32CubeIDE/workspace_1.16.1/Zigbee_OnOff_Client_Router/Core/Src/app_entry.c:674:13:RxUART_Init	8	static
C:/Users/gibutakov/STM32CubeIDE/workspace_1.16.1/Zigbee_OnOff_Client_Router/Core/Src/app_entry.c:679:13:RxCpltCallback	8	static
C:/Users/gibutakov/STM32CubeIDE/workspace_1.16.1/Zigbee_OnOff_Client_Router/Core/Src/app_entry.c:704:13:UartCmdExecute	8	static
