../../Drivers/STM32WBxx_HAL_Driver/Inc/stm32wbxx_ll_pwr.h:537:22:LL_PWR_SetPowerMode	16	static
../../Drivers/STM32WBxx_HAL_Driver/Inc/stm32wbxx_ll_bus.h:364:22:LL_AHB1_GRP1_EnableClock	24	static
../../Drivers/STM32WBxx_HAL_Driver/Inc/stm32wbxx_ll_bus.h:539:22:LL_AHB2_GRP1_EnableClock	24	static
C:/Users/gibutakov/STM32CubeIDE/workspace_1.16.1/Zigbee_OnOff_Client_Router/Core/Src/main.c:111:1:__io_putchar	16	static
C:/Users/gibutakov/STM32CubeIDE/workspace_1.16.1/Zigbee_OnOff_Client_Router/Core/Src/main.c:145:5:main	24	static
C:/Users/gibutakov/STM32CubeIDE/workspace_1.16.1/Zigbee_OnOff_Client_Router/Core/Src/main.c:249:6:SystemClock_Config	112	static
C:/Users/gibutakov/STM32CubeIDE/workspace_1.16.1/Zigbee_OnOff_Client_Router/Core/Src/main.c:303:6:PeriphCommonClock_Config	88	static
C:/Users/gibutakov/STM32CubeIDE/workspace_1.16.1/Zigbee_OnOff_Client_Router/Core/Src/main.c:328:13:MX_CRC_Init	8	static
C:/Users/gibutakov/STM32CubeIDE/workspace_1.16.1/Zigbee_OnOff_Client_Router/Core/Src/main.c:359:13:MX_I2C3_Init	8	static
C:/Users/gibutakov/STM32CubeIDE/workspace_1.16.1/Zigbee_OnOff_Client_Router/Core/Src/main.c:407:13:MX_IPCC_Init	8	static
C:/Users/gibutakov/STM32CubeIDE/workspace_1.16.1/Zigbee_OnOff_Client_Router/Core/Src/main.c:433:6:MX_LPUART1_UART_Init	8	static
C:/Users/gibutakov/STM32CubeIDE/workspace_1.16.1/Zigbee_OnOff_Client_Router/Core/Src/main.c:481:6:MX_USART1_UART_Init	8	static
C:/Users/gibutakov/STM32CubeIDE/workspace_1.16.1/Zigbee_OnOff_Client_Router/Core/Src/main.c:529:13:MX_RF_Init	4	static
C:/Users/gibutakov/STM32CubeIDE/workspace_1.16.1/Zigbee_OnOff_Client_Router/Core/Src/main.c:550:13:MX_RTC_Init	8	static
C:/Users/gibutakov/STM32CubeIDE/workspace_1.16.1/Zigbee_OnOff_Client_Router/Core/Src/main.c:593:13:MX_SPI1_Init	8	static
C:/Users/gibutakov/STM32CubeIDE/workspace_1.16.1/Zigbee_OnOff_Client_Router/Core/Src/main.c:633:13:MX_TIM1_Init	104	static
C:/Users/gibutakov/STM32CubeIDE/workspace_1.16.1/Zigbee_OnOff_Client_Router/Core/Src/main.c:705:13:MX_TIM2_Init	40	static
C:/Users/gibutakov/STM32CubeIDE/workspace_1.16.1/Zigbee_OnOff_Client_Router/Core/Src/main.c:750:13:MX_DMA_Init	8	static
C:/Users/gibutakov/STM32CubeIDE/workspace_1.16.1/Zigbee_OnOff_Client_Router/Core/Src/main.c:781:13:MX_GPIO_Init	32	static
C:/Users/gibutakov/STM32CubeIDE/workspace_1.16.1/Zigbee_OnOff_Client_Router/Core/Src/main.c:817:6:floatToChar	32	static
C:/Users/gibutakov/STM32CubeIDE/workspace_1.16.1/Zigbee_OnOff_Client_Router/Core/Src/main.c:821:6:doubleToChar	32	static
C:/Users/gibutakov/STM32CubeIDE/workspace_1.16.1/Zigbee_OnOff_Client_Router/Core/Src/main.c:825:6:clearCharBuffer	24	static
C:/Users/gibutakov/STM32CubeIDE/workspace_1.16.1/Zigbee_OnOff_Client_Router/Core/Src/main.c:831:6:i2c_meas	128	static
C:/Users/gibutakov/STM32CubeIDE/workspace_1.16.1/Zigbee_OnOff_Client_Router/Core/Src/main.c:970:8:calculate_polynomial	48	static
C:/Users/gibutakov/STM32CubeIDE/workspace_1.16.1/Zigbee_OnOff_Client_Router/Core/Src/main.c:985:6:Error_Handler	4	static,ignoring_inline_asm
