C:/Users/gibutakov/STM32CubeIDE/workspace_1.16.1/Zigbee_OnOff_Client_Router/Core/Src/stm32wbxx_it.c:78:6:NMI_Handler	8	static
C:/Users/gibutakov/STM32CubeIDE/workspace_1.16.1/Zigbee_OnOff_Client_Router/Core/Src/stm32wbxx_it.c:94:6:HardFault_Handler	4	static
C:/Users/gibutakov/STM32CubeIDE/workspace_1.16.1/Zigbee_OnOff_Client_Router/Core/Src/stm32wbxx_it.c:109:6:MemManage_Handler	4	static
C:/Users/gibutakov/STM32CubeIDE/workspace_1.16.1/Zigbee_OnOff_Client_Router/Core/Src/stm32wbxx_it.c:124:6:BusFault_Handler	4	static
C:/Users/gibutakov/STM32CubeIDE/workspace_1.16.1/Zigbee_OnOff_Client_Router/Core/Src/stm32wbxx_it.c:139:6:UsageFault_Handler	4	static
C:/Users/gibutakov/STM32CubeIDE/workspace_1.16.1/Zigbee_OnOff_Client_Router/Core/Src/stm32wbxx_it.c:154:6:SVC_Handler	4	static
C:/Users/gibutakov/STM32CubeIDE/workspace_1.16.1/Zigbee_OnOff_Client_Router/Core/Src/stm32wbxx_it.c:167:6:DebugMon_Handler	4	static
C:/Users/gibutakov/STM32CubeIDE/workspace_1.16.1/Zigbee_OnOff_Client_Router/Core/Src/stm32wbxx_it.c:180:6:PendSV_Handler	4	static
C:/Users/gibutakov/STM32CubeIDE/workspace_1.16.1/Zigbee_OnOff_Client_Router/Core/Src/stm32wbxx_it.c:193:6:SysTick_Handler	8	static
C:/Users/gibutakov/STM32CubeIDE/workspace_1.16.1/Zigbee_OnOff_Client_Router/Core/Src/stm32wbxx_it.c:214:6:PVD_PVM_IRQHandler	8	static
C:/Users/gibutakov/STM32CubeIDE/workspace_1.16.1/Zigbee_OnOff_Client_Router/Core/Src/stm32wbxx_it.c:228:6:RTC_WKUP_IRQHandler	8	static
C:/Users/gibutakov/STM32CubeIDE/workspace_1.16.1/Zigbee_OnOff_Client_Router/Core/Src/stm32wbxx_it.c:242:6:FLASH_IRQHandler	8	static
C:/Users/gibutakov/STM32CubeIDE/workspace_1.16.1/Zigbee_OnOff_Client_Router/Core/Src/stm32wbxx_it.c:256:6:RCC_IRQHandler	4	static
C:/Users/gibutakov/STM32CubeIDE/workspace_1.16.1/Zigbee_OnOff_Client_Router/Core/Src/stm32wbxx_it.c:269:6:DMA1_Channel1_IRQHandler	8	static
C:/Users/gibutakov/STM32CubeIDE/workspace_1.16.1/Zigbee_OnOff_Client_Router/Core/Src/stm32wbxx_it.c:283:6:DMA1_Channel2_IRQHandler	8	static
C:/Users/gibutakov/STM32CubeIDE/workspace_1.16.1/Zigbee_OnOff_Client_Router/Core/Src/stm32wbxx_it.c:297:6:DMA1_Channel3_IRQHandler	8	static
C:/Users/gibutakov/STM32CubeIDE/workspace_1.16.1/Zigbee_OnOff_Client_Router/Core/Src/stm32wbxx_it.c:311:6:DMA1_Channel4_IRQHandler	8	static
C:/Users/gibutakov/STM32CubeIDE/workspace_1.16.1/Zigbee_OnOff_Client_Router/Core/Src/stm32wbxx_it.c:325:6:DMA1_Channel5_IRQHandler	8	static
C:/Users/gibutakov/STM32CubeIDE/workspace_1.16.1/Zigbee_OnOff_Client_Router/Core/Src/stm32wbxx_it.c:339:6:C2SEV_PWR_C2H_IRQHandler	4	static
C:/Users/gibutakov/STM32CubeIDE/workspace_1.16.1/Zigbee_OnOff_Client_Router/Core/Src/stm32wbxx_it.c:352:6:I2C3_EV_IRQHandler	8	static
C:/Users/gibutakov/STM32CubeIDE/workspace_1.16.1/Zigbee_OnOff_Client_Router/Core/Src/stm32wbxx_it.c:366:6:USART1_IRQHandler	8	static
C:/Users/gibutakov/STM32CubeIDE/workspace_1.16.1/Zigbee_OnOff_Client_Router/Core/Src/stm32wbxx_it.c:380:6:LPUART1_IRQHandler	8	static
C:/Users/gibutakov/STM32CubeIDE/workspace_1.16.1/Zigbee_OnOff_Client_Router/Core/Src/stm32wbxx_it.c:394:6:PWR_SOTF_BLEACT_802ACT_RFPHASE_IRQHandler	4	static
C:/Users/gibutakov/STM32CubeIDE/workspace_1.16.1/Zigbee_OnOff_Client_Router/Core/Src/stm32wbxx_it.c:407:6:IPCC_C1_RX_IRQHandler	8	static
C:/Users/gibutakov/STM32CubeIDE/workspace_1.16.1/Zigbee_OnOff_Client_Router/Core/Src/stm32wbxx_it.c:421:6:IPCC_C1_TX_IRQHandler	8	static
C:/Users/gibutakov/STM32CubeIDE/workspace_1.16.1/Zigbee_OnOff_Client_Router/Core/Src/stm32wbxx_it.c:435:6:HSEM_IRQHandler	8	static
C:/Users/gibutakov/STM32CubeIDE/workspace_1.16.1/Zigbee_OnOff_Client_Router/Core/Src/stm32wbxx_it.c:449:6:FPU_IRQHandler	4	static
C:/Users/gibutakov/STM32CubeIDE/workspace_1.16.1/Zigbee_OnOff_Client_Router/Core/Src/stm32wbxx_it.c:467:6:EXTI4_IRQHandler	8	static
C:/Users/gibutakov/STM32CubeIDE/workspace_1.16.1/Zigbee_OnOff_Client_Router/Core/Src/stm32wbxx_it.c:477:6:EXTI0_IRQHandler	8	static
C:/Users/gibutakov/STM32CubeIDE/workspace_1.16.1/Zigbee_OnOff_Client_Router/Core/Src/stm32wbxx_it.c:487:6:EXTI1_IRQHandler	8	static
