C:/Users/gibutakov/STM32CubeIDE/workspace_1.16.1/Zigbee_OnOff_Server_Coord/STM32_WPAN/App/app_zigbee.c:92:28:messaging_server_display_message	88	static
C:/Users/gibutakov/STM32CubeIDE/workspace_1.16.1/Zigbee_OnOff_Server_Coord/STM32_WPAN/App/app_zigbee.c:106:28:messaging_server_cancel_message	24	static
C:/Users/gibutakov/STM32CubeIDE/workspace_1.16.1/Zigbee_OnOff_Server_Coord/STM32_WPAN/App/app_zigbee.c:113:28:messaging_server_cancel_all_messages	24	static
C:/Users/gibutakov/STM32CubeIDE/workspace_1.16.1/Zigbee_OnOff_Server_Coord/STM32_WPAN/App/app_zigbee.c:120:28:messaging_server_display_protected_message	24	static
C:/Users/gibutakov/STM32CubeIDE/workspace_1.16.1/Zigbee_OnOff_Server_Coord/STM32_WPAN/App/app_zigbee.c:128:13:APP_ZIGBEE_InitCallback	16	static
C:/Users/gibutakov/STM32CubeIDE/workspace_1.16.1/Zigbee_OnOff_Server_Coord/STM32_WPAN/App/app_zigbee.c:138:13:APP_ZIGBEE_ConfigEndpoints	40	static
C:/Users/gibutakov/STM32CubeIDE/workspace_1.16.1/Zigbee_OnOff_Server_Coord/STM32_WPAN/App/app_zigbee.c:183:6:APP_ZIGBEE_Init	16	static
C:/Users/gibutakov/STM32CubeIDE/workspace_1.16.1/Zigbee_OnOff_Server_Coord/STM32_WPAN/App/app_zigbee.c:222:13:APP_ZIGBEE_StackLayersInit	8	static
C:/Users/gibutakov/STM32CubeIDE/workspace_1.16.1/Zigbee_OnOff_Server_Coord/STM32_WPAN/App/app_zigbee.c:256:13:APP_ZIGBEE_NwkForm	496	static
C:/Users/gibutakov/STM32CubeIDE/workspace_1.16.1/Zigbee_OnOff_Server_Coord/STM32_WPAN/App/app_zigbee.c:316:13:ZbStartupWaitCb	24	static
C:/Users/gibutakov/STM32CubeIDE/workspace_1.16.1/Zigbee_OnOff_Server_Coord/STM32_WPAN/App/app_zigbee.c:325:20:ZbStartupWait	24	static
C:/Users/gibutakov/STM32CubeIDE/workspace_1.16.1/Zigbee_OnOff_Server_Coord/STM32_WPAN/App/app_zigbee.c:354:6:APP_ZIGBEE_Error	16	static
C:/Users/gibutakov/STM32CubeIDE/workspace_1.16.1/Zigbee_OnOff_Server_Coord/STM32_WPAN/App/app_zigbee.c:377:13:APP_ZIGBEE_TraceError	24	static
C:/Users/gibutakov/STM32CubeIDE/workspace_1.16.1/Zigbee_OnOff_Server_Coord/STM32_WPAN/App/app_zigbee.c:396:13:APP_ZIGBEE_CheckWirelessFirmwareInfo	104	static
C:/Users/gibutakov/STM32CubeIDE/workspace_1.16.1/Zigbee_OnOff_Server_Coord/STM32_WPAN/App/app_zigbee.c:462:6:APP_ZIGBEE_RegisterCmdBuffer	16	static
C:/Users/gibutakov/STM32CubeIDE/workspace_1.16.1/Zigbee_OnOff_Server_Coord/STM32_WPAN/App/app_zigbee.c:467:24:ZIGBEE_Get_OTCmdPayloadBuffer	4	static
C:/Users/gibutakov/STM32CubeIDE/workspace_1.16.1/Zigbee_OnOff_Server_Coord/STM32_WPAN/App/app_zigbee.c:472:24:ZIGBEE_Get_OTCmdRspPayloadBuffer	4	static
C:/Users/gibutakov/STM32CubeIDE/workspace_1.16.1/Zigbee_OnOff_Server_Coord/STM32_WPAN/App/app_zigbee.c:477:24:ZIGBEE_Get_NotificationPayloadBuffer	4	static
C:/Users/gibutakov/STM32CubeIDE/workspace_1.16.1/Zigbee_OnOff_Server_Coord/STM32_WPAN/App/app_zigbee.c:482:24:ZIGBEE_Get_M0RequestPayloadBuffer	4	static
C:/Users/gibutakov/STM32CubeIDE/workspace_1.16.1/Zigbee_OnOff_Server_Coord/STM32_WPAN/App/app_zigbee.c:493:6:ZIGBEE_CmdTransfer	16	static
C:/Users/gibutakov/STM32CubeIDE/workspace_1.16.1/Zigbee_OnOff_Server_Coord/STM32_WPAN/App/app_zigbee.c:516:6:TL_ZIGBEE_CmdEvtReceived	16	static
C:/Users/gibutakov/STM32CubeIDE/workspace_1.16.1/Zigbee_OnOff_Server_Coord/STM32_WPAN/App/app_zigbee.c:530:6:TL_ZIGBEE_NotReceived	16	static
C:/Users/gibutakov/STM32CubeIDE/workspace_1.16.1/Zigbee_OnOff_Server_Coord/STM32_WPAN/App/app_zigbee.c:545:6:Pre_ZigbeeCmdProcessing	8	static
C:/Users/gibutakov/STM32CubeIDE/workspace_1.16.1/Zigbee_OnOff_Server_Coord/STM32_WPAN/App/app_zigbee.c:556:13:Wait_Getting_Ack_From_M0	8	static
C:/Users/gibutakov/STM32CubeIDE/workspace_1.16.1/Zigbee_OnOff_Server_Coord/STM32_WPAN/App/app_zigbee.c:568:13:Receive_Ack_From_M0	8	static
C:/Users/gibutakov/STM32CubeIDE/workspace_1.16.1/Zigbee_OnOff_Server_Coord/STM32_WPAN/App/app_zigbee.c:579:13:Receive_Notification_From_M0	8	static
C:/Users/gibutakov/STM32CubeIDE/workspace_1.16.1/Zigbee_OnOff_Server_Coord/STM32_WPAN/App/app_zigbee.c:591:6:TL_ZIGBEE_M0RequestReceived	16	static
C:/Users/gibutakov/STM32CubeIDE/workspace_1.16.1/Zigbee_OnOff_Server_Coord/STM32_WPAN/App/app_zigbee.c:604:6:APP_ZIGBEE_TL_INIT	8	static
C:/Users/gibutakov/STM32CubeIDE/workspace_1.16.1/Zigbee_OnOff_Server_Coord/STM32_WPAN/App/app_zigbee.c:618:13:APP_ZIGBEE_ProcessNotifyM0ToM4	8	static
C:/Users/gibutakov/STM32CubeIDE/workspace_1.16.1/Zigbee_OnOff_Server_Coord/STM32_WPAN/App/app_zigbee.c:633:13:APP_ZIGBEE_ProcessRequestM0ToM4	8	static
